%-12345X@PJL COMMENT * /cust/delta3/pw1500g/engdecprint.rpt * 
@PJL ENTER LANGUAGE = PCL
E(10U(s0P(s3T 
(s0P(s3T&d@(s0B(s0S(s10H&l8C(s1P(s4101T(s0B(s24V(s1S&a028CDelta Air Lines, Inc.

&a028CEngine Declaration
(s0S(s12V(s0P(s3T(s3BPW1500G DL-15 Adapter 18 Installed 
(s0BДДДДДДДДДДДДДДДДДДДДДДДДДДДДДДДДДДДДДДДДДДДДДДДДДДДДДДДДДДДДДДДДДДДДДДДДДДДДДДДД
(s3BEngine Type  : PW1521GA &a052CDate: THURS APR 28, 2022 
Serial Number: 736363 &a052CTime: 12:27:08 
Cell Number  : 3 &a052CPage: 1
ДДДДДДДДДДДДДДДДДДДДДДДДДДДДДДДДДДДДДДДДДДДДДДДДДДДДДДДДДДДДДДДДДДДДДДДДДДДДДДДД
&a033CPERFORMANCE DATA
&a010CUNITS&a026CBand A&a040CBand B&a054CBand C&a068CBand D
ДДДДДДДДДДДДДДДДДДДДДДДДДДДДДДДДДДДДДДДДДДДДДДДДДДДДДДДДДДДДДДДДДДДДДДДДДДДДДДДД
(s0BFNTR2   :(Lbs)&a024C23781.3 &a038C21201.3 &a052C19203.9 &a066C14760.6 
N1C2    :(RPM)&a024C 9573.0 &a038C 9142.0 &a052C 8805.5 &a066C 7891.6 
N2C2    :(RPM)&a024C22805.0 &a038C22463.2 &a052C22170.0 &a066C21447.9 
ITT     :(degF)&a024C 1641.4 &a038C 1570.9 &a052C 1515.4 &a066C 1391.7 
TSFCK&a024C 0.2656 &a038C 0.2613 &a052C 0.2589 &a066C 0.2540 
(s3BДДДДДДДДДДДДДДДДДДДДДДДДДДДДДДДДДДДДДДДДДДДДДДДДДДДДДДДДДДДДДДДДДДДДДДДДДДДДДДДД
&a035CN1 CLASSING
&a010CUNITS&a023CBand A (Cl4)&a037CBand B (Cl3)&a051CBand C (Cl2)&a065CBand D (Cl1)
ДДДДДДДДДДДДДДДДДДДДДДДДДДДДДДДДДДДДДДДДДДДДДДДДДДДДДДДДДДДДДДДДДДДДДДДДДДДДДДДД
(s0BN1C2-0  :(RPM)&a024C   9511 &a038C   9127 &a052C   8786 &a066C   7946 
N1C2-I Limit:(RPM)&a024C   9514 &a038C   9121 &a052C   8771 &a066C   7908 
N1 Delta:(RPM)&a024C    3.0 &a038C   -6.0 &a052C  -15.0 &a066C  -38.0 
N1 Class:&a028C 3 &a042C-6 &a056C-15 &a070C-39 
N1C2-I  :(RPM)&a024C 9514.0 &a038C 9121.0 &a052C 8771.0 &a066C 7907.0 
(s3BДДДДДДДДДДДДДДДДДДДДДДДДДДДДДДДДДДДДДДДДДДДДДДДДДДДДДДДДДДДДДДДДДДДДДДДДДДДДДДДД
&a030CGUARANTEED PERFORMANCE
&a016CUNITS&a026CBand A&a040CBand B&a054CBand C&a068CBand D
ДДДДДДДДДДДДДДДДДДДДДДДДДДДДДДДДДДДДДДДДДДДДДДДДДДДДДДДДДДДДДДДДДДДДДДДДДДДДДДДД
(s0BFNTR2 Rated   :(Lbf)&a024C  23400 &a038C  21050 &a052C  19150 &a066C  15000 
FNTR2 Thrust  :(Lbf)&a024C23781.3 &a038C21201.3 &a052C19203.9 &a066C14760.6 
FNTR2 Margin  :(Lbf)&a024C  381.3 &a038C  151.3 &a052C   53.9 &a066C -239.4 
N1C2I @ Thrust:(RPM)&a024C 9459.5 &a038C 9091.9 &a052C 8764.8 &a066C 7957.0 
N1C2I Limit   :(RPM)&a024C   9514 &a038C   9121 &a052C   8771 &a066C   7908 
N1C2I Margin  :(RPM)&a024C  -54.5 &a038C  -29.1 &a052C   -6.2 &a066C   49.0 
T45OP45 @ Thrust:(DegF)&a026C1631.0 &a039C1566.6 &a053C1514.1 &a067C1398.4 
(s3BДДДДДДДДДДДДДДДДДДДДДДДДДДДДДДДДДДДДДДДДДДДДДДДДДДДДДДДДДДДДДДДДДДДДДДДДДДДДДДДД
&a027CPERFORMANCE MARGINS @ BAND A
&a009CUNITS&a024CN1C2-I Ref&a038CNormilized&a054CLimit&a068CMargin
ДДДДДДДДДДДДДДДДДДДДДДДДДДДДДДДДДДДДДДДДДДДДДДДДДДДДДДДДДДДДДДДДДДДДДДДДДДДДДДДД
(s0BT45OP45:(deg F)&a024C   9550 &a038C1647.6 &a052C   1680 &a066C   32.4 
N2C2   :(RPM)&a024C   9550 &a038C22835.3 &a052C  23262 &a066C  426.7 
(s3BДДДДДДДДДДДДДДДДДДДДДДДДДДДДДДДДДДДДДДДДДДДДДДДДДДДДДДДДДДДДДДДДДДДДДДДДДДДДДДДД
&a024CFNTR2 MARGINS @ MINIMUM/APPROACH IDLE
&a015CUNITS&a024CMAX FNTR2&a039COBSERVED&a054CMARGIN
ДДДДДДДДДДДДДДДДДДДДДДДДДДДДДДДДДДДДДДДДДДДДДДДДДДДДДДДДДДДДДДДДДДДДДДДДДДДДДДДД
(s0BMinimum Idle :(LBS)&a024C    960 &a038C******* &a052C******* 
Approach Idle:(LBS)&a024C   2072 &a038C******* &a052C******* 
(s3BДДДДДДДДДДДДДДДДДДДДДДДДДДДДДДДДДДДДДДДДДДДДДДДДДДДДДДДДДДДДДДДДДДДДДДДДДДДДДДДД
&a036CTSFC NORMALIZED
&a024CBand A&a040CBand B&a056CBand C
ДДДДДДДДДДДДДДДДДДДДДДДДДДДДДДДДДДДДДДДДДДДДДДДДДДДДДДДДДДДДДДДДДДДДДДДДДДДДДДДД
(s0BFNTR2&a024C 32101 &a040C 26740 &a056C 20680 
TSFC&a024C0.2831 &a040C0.2710 &a056C0.2607 
TSFC Margin&a024C-0.0296 &a040C-0.0264 &a056C-0.0240 
TSFC WF&a024C0.2785 
TSFC WF Margin&a024C-0.0286 
ДДДДДДДДДДДДДДДДДДДДДДДДДДДДДДДДДДДДДДДДДДДДДДДДДДДДДДДДДДДДДДДДДДДДДДДДДДДДДДДД
 
ДДДДДДДДДДДДДДДДДДДДДДДДДДДДДДДДДДДДДДДДДДДДДДДДДДДДДДДДДДДДДДДДДДДДДДДДДДДДДДДД
(s3BEngine Type  : PW1521GA &a052CDate: THURS APR 28, 2022 
Serial Number: 736363 &a052CTime: 12:27:08 
Cell Number  : 3 &a052CPage: 2
ДДДДДДДДДДДДДДДДДДДДДДДДДДДДДДДДДДДДДДДДДДДДДДДДДДДДДДДДДДДДДДДДДДДДДДДДДДДДДДДД
&a030COBSERVED DATA
ДДДДДДДДДДДДДДДДДДДДДДДДДДДДДДДДДДДДДДДДДДДДДДДДДДДДДДДДДДДДДДДДДДДДДДДДДДДДДДДД
&a014CUNITS&a025CBand A&a039CBand B&a053CBand C&a067CBand D
ДДДДДДДДДДДДДДДДДДДДДДДДДДДДДДДДДДДДДДДДДДДДДДДДДДДДДДДДДДДДДДДДДДДДДДДДДДДДДДДД
(s0BFN&a015CLbs&a024C21172.6 &a038C18874.5 &a052C17095.8 &a066C13143.3 
N1&a015CRPM&a024C 9615.8 &a038C 9176.3 &a052C 8824.9 &a066C 7871.6 
N2&a015CRPM&a024C23047.3 &a038C22694.6 &a052C22394.6 &a066C21672.6 
WF&a015CPPH&a024C 5929.1 &a038C 5207.2 &a052C 4670.8 &a066C 3513.6 
ITT (EGT)&a015CDegC&a024C  916.1 &a038C  875.4 &a052C  842.9 &a066C  768.3 
T3&a015CDegC&a024C  635.7 &a038C  615.5 &a052C  597.2 &a066C  547.8 
T25&a015CDegC&a024C  129.0 &a038C  118.5 &a052C  110.2 &a066C   89.8 
P25&a015Cpsia&a024C   39.2 &a038C   35.9 &a052C   33.4 &a066C   27.7 
PS3&a015Cpsia&a024C  518.3 &a038C  467.3 &a052C  429.2 &a066C  342.4 
(s3BДДДДДДДДДДДДДДДДДДДДДДДДДДДДДДДДДДДДДДДДДДДДДДДДДДДДДДДДДДДДДДДДДДДДДДДДДДДДДДДД
&a030CCORRECTED DATA
ДДДДДДДДДДДДДДДДДДДДДДДДДДДДДДДДДДДДДДДДДДДДДДДДДДДДДДДДДДДДДДДДДДДДДДДДДДДДДДДД
&a014CUNITS&a025CBand A&a039CBand B&a053CBand C&a067CBand D
ДДДДДДДДДДДДДДДДДДДДДДДДДДДДДДДДДДДДДДДДДДДДДДДДДДДДДДДДДДДДДДДДДДДДДДДДДДДДДДДД
(s0BFNTR2:&a015CLbs&a024C23781.3 &a038C21201.3 &a052C19203.9 &a066C14760.6 
N1C2D:&a015CRPM&a024C 9573.0 &a038C 9142.0 &a052C 8805.5 &a066C 7891.6 
N2C2D:&a015CRPM&a024C22805.0 &a038C22463.2 &a052C22170.0 &a066C21447.9 
WFPLHCR2:&a015CPPH&a024C 6316.9 &a038C 5540.3 &a052C 4971.6 &a066C 3749.7 
TSFC&a015CPPH/LB&a024C 0.2656 &a038C 0.2613 &a052C 0.2589 &a066C 0.2540 
T45OP45&a015CDeg C&a024C  894.1 &a038C  854.9 &a052C  824.1 &a066C  755.4 
T3OP3&a015CDeg C&a024C  624.8 &a038C  604.7 &a052C  587.3 &a066C  540.2 
T49OP49&a015CDeg C&a024C  526.3 &a038C  511.6 &a052C  500.2 &a066C  479.7 
T25OP25&a015CDeg C&a024C  121.0 &a038C  110.9 &a052C  102.9 &a066C   82.6 
P25QP2&a015Cratio&a024C    2.7 &a038C    2.5 &a052C    2.3 &a066C    1.9 
PS3QP2&a015Cratio&a024C   37.2 &a038C   33.5 &a052C   30.8 &a066C   24.7 
PS3QP25&a015Cratio&a024C   13.5 &a038C   13.3 &a052C   13.1 &a066C   12.7 
ДДДДДДДДДДДДДДДДДДДДДДДДДДДДДДДДДДДДДДДДДДДДДДДДДДДДДДДДДДДДДДДДДДДДДДДДДДДДДДДД
 
ДДДДДДДДДДДДДДДДДДДДДДДДДДДДДДДДДДДДДДДДДДДДДДДДДДДДДДДДДДДДДДДДДДДДДДДДДДДДДДДД
(s3BEngine Type  : PW1521GA &a052CDate: THURS APR 28, 2022 
Serial Number: 736363 &a052CTime: 12:27:08 
Cell Number  : 3 &a052CPage: 3
ДДДДДДДДДДДДДДДДДДДДДДДДДДДДДДДДДДДДДДДДДДДДДДДДДДДДДДДДДДДДДДДДДДДДДДДДДДДДДДДД
&a030CMECHANICAL PERFORMANCE DATA
ДДДДДДДДДДДДДДДДДДДДДДДДДДДДДДДДДДДДДДДДДДДДДДДДДДДДДДДДДДДДДДДДДДДДДДДДДДДДДДДД
&a033CPEAK VIBRATION DATA
ДДДДДДДДДДДДДДДДДДДДДДДДДДДДДДДДДДДДДДДДДДДДДДДДДДДДДДДДДДДДДДДДДДДДДДДДДДДДДДДД
(s0BIMC NF Tracked&a020C 0.00 IPS&a030CP Flange NF Tracked&a060C 0.00 IPS
IMC NF RPM&a018C    0.0 RPM&a030CP Flange NF RPM&a058C    0.0 RPM
IMC N1 Tracked&a020C 0.00 IPS&a030CP Flange N1 Tracked&a060C 0.00 IPS
IMC N1 RPM&a018C    0.0 RPM&a030CP Flange N1 RPM&a058C    0.0 RPM
IMC N2 Tracked&a020C 0.00 IPS&a030CP Flange N2 Tracked&a060C 0.00 IPS
IMC N2 RPM&a018C    0.0 RPM&a030CP Flange N2 RPM&a058C    0.0 RPM
(s3BДДДДДДДДДДДДДДДДДДДДДДДДДДДДДДДДДДДДДДДДДДДДДДДДДДДДДДДДДДДДДДДДДДДДДДДДДДДДДДДД
&a035CACCEL/DECEL DATA
ДДДДДДДДДДДДДДДДДДДДДДДДДДДДДДДДДДДДДДДДДДДДДДДДДДДДДДДДДДДДДДДДДДДДДДДДДДДДДДДД
&a015CTHRUST TARGET&a043CACCEL/DECEL TIME
&a068CLIMIT
ДДДДДДДДДДДДДДДДДДДДДДДДДДДДДДДДДДДДДДДДДДДДДДДДДДДДДДДДДДДДДДДДДДДДДДДДДДДДДДДД
(s0BAccel 97% Thrust Target&a025C     0 LbsAccel Time to 97%  0.00 Sec&a065C  8.00 Sec
Decel 90% Thrust Target&a025C     0 LbsDecel Time to 90%  0.00 Sec&a065C  8.00 Sec
E%-12345X